MemTotal:       1583456364 kB
MemFree:        967243476 kB
MemAvailable:   1086129824 kB
Buffers:              20 kB
Cached:         119096156 kB
SwapCached:        14252 kB
Active:         543284992 kB
Inactive:       43968524 kB
Active(anon):   442675012 kB
Inactive(anon): 25569944 kB
Active(file):   100609980 kB
Inactive(file): 18398580 kB
Unevictable:           0 kB
Mlocked:               0 kB
SwapTotal:       4194300 kB
SwapFree:           4120 kB
Dirty:             10960 kB
Writeback:          2584 kB
AnonPages:      468729948 kB
Mapped:           257508 kB
Shmem:             95560 kB
Slab:            2769304 kB
SReclaimable:    1722504 kB
SUnreclaim:      1046800 kB
KernelStack:       96336 kB
PageTables:      8739344 kB
NFS_Unstable:          0 kB
Bounce:                0 kB
WritebackTmp:          0 kB
CommitLimit:    795922480 kB
Committed_AS:   9987478664 kB
VmallocTotal:   34359738367 kB
VmallocUsed:     4002000 kB
VmallocChunk:   33147826172 kB
Percpu:           184320 kB
HardwareCorrupted:     0 kB
AnonHugePages:  33970176 kB
CmaTotal:              0 kB
CmaFree:               0 kB
HugePages_Total:       0
HugePages_Free:        0
HugePages_Rsvd:        0
HugePages_Surp:        0
Hugepagesize:       2048 kB
DirectMap4k:      619520 kB
DirectMap2M:    81657856 kB
DirectMap1G:    1528823808 kB
