MemTotal:       1583456364 kB
MemFree:        932289212 kB
MemAvailable:   1050898980 kB
Buffers:              20 kB
Cached:         118830696 kB
SwapCached:        14252 kB
Active:         577384124 kB
Inactive:       43871812 kB
Active(anon):   476950368 kB
Inactive(anon): 25569940 kB
Active(file):   100433756 kB
Inactive(file): 18301872 kB
Unevictable:           0 kB
Mlocked:               0 kB
SwapTotal:       4194300 kB
SwapFree:           4120 kB
Dirty:              4876 kB
Writeback:          2984 kB
AnonPages:      502837944 kB
Mapped:           260892 kB
Shmem:             95608 kB
Slab:            2763676 kB
SReclaimable:    1717840 kB
SUnreclaim:      1045836 kB
KernelStack:       84624 kB
PageTables:      9679164 kB
NFS_Unstable:          0 kB
Bounce:                0 kB
WritebackTmp:          0 kB
CommitLimit:    795922480 kB
Committed_AS:   10465228020 kB
VmallocTotal:   34359738367 kB
VmallocUsed:     4002000 kB
VmallocChunk:   33147826172 kB
Percpu:           184320 kB
HardwareCorrupted:     0 kB
AnonHugePages:  33863680 kB
CmaTotal:              0 kB
CmaFree:               0 kB
HugePages_Total:       0
HugePages_Free:        0
HugePages_Rsvd:        0
HugePages_Surp:        0
Hugepagesize:       2048 kB
DirectMap4k:      619520 kB
DirectMap2M:    81657856 kB
DirectMap1G:    1528823808 kB
