MemTotal:       1583456364 kB
MemFree:        944839584 kB
MemAvailable:   1063450928 kB
Buffers:              20 kB
Cached:         118828988 kB
SwapCached:        14252 kB
Active:         564893636 kB
Inactive:       43872808 kB
Active(anon):   464459808 kB
Inactive(anon): 25569940 kB
Active(file):   100433828 kB
Inactive(file): 18302868 kB
Unevictable:           0 kB
Mlocked:               0 kB
SwapTotal:       4194300 kB
SwapFree:           4120 kB
Dirty:              5988 kB
Writeback:          2940 kB
AnonPages:      490374144 kB
Mapped:           249052 kB
Shmem:             95608 kB
Slab:            2763060 kB
SReclaimable:    1717728 kB
SUnreclaim:      1045332 kB
KernelStack:       86992 kB
PageTables:      9604200 kB
NFS_Unstable:          0 kB
Bounce:                0 kB
WritebackTmp:          0 kB
CommitLimit:    795922480 kB
Committed_AS:   10426582096 kB
VmallocTotal:   34359738367 kB
VmallocUsed:     4002000 kB
VmallocChunk:   33147826172 kB
Percpu:           184320 kB
HardwareCorrupted:     0 kB
AnonHugePages:  33716224 kB
CmaTotal:              0 kB
CmaFree:               0 kB
HugePages_Total:       0
HugePages_Free:        0
HugePages_Rsvd:        0
HugePages_Surp:        0
Hugepagesize:       2048 kB
DirectMap4k:      619520 kB
DirectMap2M:    81657856 kB
DirectMap1G:    1528823808 kB
