MemTotal:       1583456364 kB
MemFree:        944654476 kB
MemAvailable:   1063253884 kB
Buffers:              20 kB
Cached:         118814936 kB
SwapCached:        14252 kB
Active:         565284784 kB
Inactive:       43868768 kB
Active(anon):   464858028 kB
Inactive(anon): 25569928 kB
Active(file):   100426756 kB
Inactive(file): 18298840 kB
Unevictable:           0 kB
Mlocked:               0 kB
SwapTotal:       4194300 kB
SwapFree:           4120 kB
Dirty:              5436 kB
Writeback:           112 kB
AnonPages:      490524676 kB
Mapped:           247848 kB
Shmem:             95560 kB
Slab:            2763340 kB
SReclaimable:    1717008 kB
SUnreclaim:      1046332 kB
KernelStack:       73936 kB
PageTables:      9402088 kB
NFS_Unstable:          0 kB
Bounce:                0 kB
WritebackTmp:          0 kB
CommitLimit:    795922480 kB
Committed_AS:   10324267212 kB
VmallocTotal:   34359738367 kB
VmallocUsed:     4002000 kB
VmallocChunk:   33147826172 kB
Percpu:           184320 kB
HardwareCorrupted:     0 kB
AnonHugePages:  33536000 kB
CmaTotal:              0 kB
CmaFree:               0 kB
HugePages_Total:       0
HugePages_Free:        0
HugePages_Rsvd:        0
HugePages_Surp:        0
Hugepagesize:       2048 kB
DirectMap4k:      619520 kB
DirectMap2M:    81657856 kB
DirectMap1G:    1528823808 kB
