MemTotal:       1583456364 kB
MemFree:        953379336 kB
MemAvailable:   1071981232 kB
Buffers:              20 kB
Cached:         118820636 kB
SwapCached:        14252 kB
Active:         556869248 kB
Inactive:       43872384 kB
Active(anon):   456441532 kB
Inactive(anon): 25569936 kB
Active(file):   100427716 kB
Inactive(file): 18302448 kB
Unevictable:           0 kB
Mlocked:               0 kB
SwapTotal:       4194300 kB
SwapFree:           4120 kB
Dirty:              3968 kB
Writeback:             0 kB
AnonPages:      482227808 kB
Mapped:           235280 kB
Shmem:             95568 kB
Slab:            2764984 kB
SReclaimable:    1715936 kB
SUnreclaim:      1049048 kB
KernelStack:       75184 kB
PageTables:      9105856 kB
NFS_Unstable:          0 kB
Bounce:                0 kB
WritebackTmp:          0 kB
CommitLimit:    795922480 kB
Committed_AS:   10173585364 kB
VmallocTotal:   34359738367 kB
VmallocUsed:     4002000 kB
VmallocChunk:   33147826172 kB
Percpu:           184320 kB
HardwareCorrupted:     0 kB
AnonHugePages:  33722368 kB
CmaTotal:              0 kB
CmaFree:               0 kB
HugePages_Total:       0
HugePages_Free:        0
HugePages_Rsvd:        0
HugePages_Surp:        0
Hugepagesize:       2048 kB
DirectMap4k:      619520 kB
DirectMap2M:    81657856 kB
DirectMap1G:    1528823808 kB
