MemTotal:       1583456364 kB
MemFree:        958971984 kB
MemAvailable:   1077570796 kB
Buffers:              20 kB
Cached:         118819068 kB
SwapCached:        14252 kB
Active:         551353280 kB
Inactive:       43877408 kB
Active(anon):   450933416 kB
Inactive(anon): 25569936 kB
Active(file):   100419864 kB
Inactive(file): 18307472 kB
Unevictable:           0 kB
Mlocked:               0 kB
SwapTotal:       4194300 kB
SwapFree:           4120 kB
Dirty:              4368 kB
Writeback:          3720 kB
AnonPages:      477301284 kB
Mapped:           262232 kB
Shmem:             95568 kB
Slab:            2765800 kB
SReclaimable:    1715680 kB
SUnreclaim:      1050120 kB
KernelStack:       93840 kB
PageTables:      9032280 kB
NFS_Unstable:          0 kB
Bounce:                0 kB
WritebackTmp:          0 kB
CommitLimit:    795922480 kB
Committed_AS:   10135128428 kB
VmallocTotal:   34359738367 kB
VmallocUsed:     4002000 kB
VmallocChunk:   33147826172 kB
Percpu:           184320 kB
HardwareCorrupted:     0 kB
AnonHugePages:  34174976 kB
CmaTotal:              0 kB
CmaFree:               0 kB
HugePages_Total:       0
HugePages_Free:        0
HugePages_Rsvd:        0
HugePages_Surp:        0
Hugepagesize:       2048 kB
DirectMap4k:      619520 kB
DirectMap2M:    81657856 kB
DirectMap1G:    1528823808 kB
