MemTotal:       1583456364 kB
MemFree:        926943516 kB
MemAvailable:   1045554876 kB
Buffers:              20 kB
Cached:         118825408 kB
SwapCached:        14252 kB
Active:         582624100 kB
Inactive:       43876304 kB
Active(anon):   482192588 kB
Inactive(anon): 25569928 kB
Active(file):   100431512 kB
Inactive(file): 18306376 kB
Unevictable:           0 kB
Mlocked:               0 kB
SwapTotal:       4194300 kB
SwapFree:           4120 kB
Dirty:              9368 kB
Writeback:          1380 kB
AnonPages:      507866208 kB
Mapped:           245736 kB
Shmem:             95560 kB
Slab:            2763596 kB
SReclaimable:    1717056 kB
SUnreclaim:      1046540 kB
KernelStack:       76928 kB
PageTables:      9787464 kB
NFS_Unstable:          0 kB
Bounce:                0 kB
WritebackTmp:          0 kB
CommitLimit:    795922480 kB
Committed_AS:   10523189864 kB
VmallocTotal:   34359738367 kB
VmallocUsed:     4002000 kB
VmallocChunk:   33147826172 kB
Percpu:           184320 kB
HardwareCorrupted:     0 kB
AnonHugePages:  33533952 kB
CmaTotal:              0 kB
CmaFree:               0 kB
HugePages_Total:       0
HugePages_Free:        0
HugePages_Rsvd:        0
HugePages_Surp:        0
Hugepagesize:       2048 kB
DirectMap4k:      619520 kB
DirectMap2M:    81657856 kB
DirectMap1G:    1528823808 kB
