MemTotal:       1583456364 kB
MemFree:        963505252 kB
MemAvailable:   1082103496 kB
Buffers:              20 kB
Cached:         118815032 kB
SwapCached:        14252 kB
Active:         546717204 kB
Inactive:       43880664 kB
Active(anon):   446303080 kB
Inactive(anon): 25569928 kB
Active(file):   100414124 kB
Inactive(file): 18310736 kB
Unevictable:           0 kB
Mlocked:               0 kB
SwapTotal:       4194300 kB
SwapFree:           4120 kB
Dirty:              4600 kB
Writeback:          1452 kB
AnonPages:      472379376 kB
Mapped:           258600 kB
Shmem:             95568 kB
Slab:            2765976 kB
SReclaimable:    1715960 kB
SUnreclaim:      1050016 kB
KernelStack:       98912 kB
PageTables:      9121712 kB
NFS_Unstable:          0 kB
Bounce:                0 kB
WritebackTmp:          0 kB
CommitLimit:    795922480 kB
Committed_AS:   10183768276 kB
VmallocTotal:   34359738367 kB
VmallocUsed:     4002000 kB
VmallocChunk:   33147826172 kB
Percpu:           184320 kB
HardwareCorrupted:     0 kB
AnonHugePages:  33925120 kB
CmaTotal:              0 kB
CmaFree:               0 kB
HugePages_Total:       0
HugePages_Free:        0
HugePages_Rsvd:        0
HugePages_Surp:        0
Hugepagesize:       2048 kB
DirectMap4k:      619520 kB
DirectMap2M:    81657856 kB
DirectMap1G:    1528823808 kB
