MemTotal:       1583456364 kB
MemFree:        925191316 kB
MemAvailable:   1043762552 kB
Buffers:              20 kB
Cached:         118784960 kB
SwapCached:        14252 kB
Active:         584309228 kB
Inactive:       43878524 kB
Active(anon):   483918348 kB
Inactive(anon): 25569920 kB
Active(file):   100390880 kB
Inactive(file): 18308604 kB
Unevictable:           0 kB
Mlocked:               0 kB
SwapTotal:       4194300 kB
SwapFree:           4120 kB
Dirty:              8780 kB
Writeback:             0 kB
AnonPages:      510311864 kB
Mapped:           247808 kB
Shmem:             95564 kB
Slab:            2768420 kB
SReclaimable:    1713824 kB
SUnreclaim:      1054596 kB
KernelStack:       95808 kB
PageTables:      9842304 kB
NFS_Unstable:          0 kB
Bounce:                0 kB
WritebackTmp:          0 kB
CommitLimit:    795922480 kB
Committed_AS:   10551258092 kB
VmallocTotal:   34359738367 kB
VmallocUsed:     4002000 kB
VmallocChunk:   33147826172 kB
Percpu:           184320 kB
HardwareCorrupted:     0 kB
AnonHugePages:  34232320 kB
CmaTotal:              0 kB
CmaFree:               0 kB
HugePages_Total:       0
HugePages_Free:        0
HugePages_Rsvd:        0
HugePages_Surp:        0
Hugepagesize:       2048 kB
DirectMap4k:      619520 kB
DirectMap2M:    81657856 kB
DirectMap1G:    1528823808 kB
