MemTotal:       1583456364 kB
MemFree:        954439256 kB
MemAvailable:   1073303844 kB
Buffers:              20 kB
Cached:         119071600 kB
SwapCached:        14252 kB
Active:         555523776 kB
Inactive:       43964168 kB
Active(anon):   454931432 kB
Inactive(anon): 25569944 kB
Active(file):   100592344 kB
Inactive(file): 18394224 kB
Unevictable:           0 kB
Mlocked:               0 kB
SwapTotal:       4194300 kB
SwapFree:           4120 kB
Dirty:             17172 kB
Writeback:             0 kB
AnonPages:      480730076 kB
Mapped:           253560 kB
Shmem:             95560 kB
Slab:            2768296 kB
SReclaimable:    1722224 kB
SUnreclaim:      1046072 kB
KernelStack:       90544 kB
PageTables:      9298340 kB
NFS_Unstable:          0 kB
Bounce:                0 kB
WritebackTmp:          0 kB
CommitLimit:    795922480 kB
Committed_AS:   10276236680 kB
VmallocTotal:   34359738367 kB
VmallocUsed:     4002000 kB
VmallocChunk:   33147826172 kB
Percpu:           184320 kB
HardwareCorrupted:     0 kB
AnonHugePages:  33724416 kB
CmaTotal:              0 kB
CmaFree:               0 kB
HugePages_Total:       0
HugePages_Free:        0
HugePages_Rsvd:        0
HugePages_Surp:        0
Hugepagesize:       2048 kB
DirectMap4k:      619520 kB
DirectMap2M:    81657856 kB
DirectMap1G:    1528823808 kB
