MemTotal:       1583456364 kB
MemFree:        982905552 kB
MemAvailable:   1101798352 kB
Buffers:              20 kB
Cached:         119097668 kB
SwapCached:        14252 kB
Active:         528015272 kB
Inactive:       43969180 kB
Active(anon):   427400856 kB
Inactive(anon): 25569940 kB
Active(file):   100614416 kB
Inactive(file): 18399240 kB
Unevictable:           0 kB
Mlocked:               0 kB
SwapTotal:       4194300 kB
SwapFree:           4120 kB
Dirty:             11244 kB
Writeback:          4360 kB
AnonPages:      453588932 kB
Mapped:           244516 kB
Shmem:             95560 kB
Slab:            2770900 kB
SReclaimable:    1722728 kB
SUnreclaim:      1048172 kB
KernelStack:       94192 kB
PageTables:      8335412 kB
NFS_Unstable:          0 kB
Bounce:                0 kB
WritebackTmp:          0 kB
CommitLimit:    795922480 kB
Committed_AS:   9785052676 kB
VmallocTotal:   34359738367 kB
VmallocUsed:     4002000 kB
VmallocChunk:   33147826172 kB
Percpu:           184320 kB
HardwareCorrupted:     0 kB
AnonHugePages:  33990656 kB
CmaTotal:              0 kB
CmaFree:               0 kB
HugePages_Total:       0
HugePages_Free:        0
HugePages_Rsvd:        0
HugePages_Surp:        0
Hugepagesize:       2048 kB
DirectMap4k:      619520 kB
DirectMap2M:    81657856 kB
DirectMap1G:    1528823808 kB
