MemTotal:       1583456364 kB
MemFree:        934578856 kB
MemAvailable:   1053162256 kB
Buffers:              20 kB
Cached:         118796852 kB
SwapCached:        14252 kB
Active:         575164028 kB
Inactive:       43882316 kB
Active(anon):   474764372 kB
Inactive(anon): 25569920 kB
Active(file):   100399656 kB
Inactive(file): 18312396 kB
Unevictable:           0 kB
Mlocked:               0 kB
SwapTotal:       4194300 kB
SwapFree:           4120 kB
Dirty:             10928 kB
Writeback:             0 kB
AnonPages:      500960132 kB
Mapped:           247348 kB
Shmem:             95564 kB
Slab:            2769748 kB
SReclaimable:    1715552 kB
SUnreclaim:      1054196 kB
KernelStack:      103072 kB
PageTables:      9592060 kB
NFS_Unstable:          0 kB
Bounce:                0 kB
WritebackTmp:          0 kB
CommitLimit:    795922480 kB
Committed_AS:   10424493924 kB
VmallocTotal:   34359738367 kB
VmallocUsed:     4002000 kB
VmallocChunk:   33147826172 kB
Percpu:           184320 kB
HardwareCorrupted:     0 kB
AnonHugePages:  34103296 kB
CmaTotal:              0 kB
CmaFree:               0 kB
HugePages_Total:       0
HugePages_Free:        0
HugePages_Rsvd:        0
HugePages_Surp:        0
Hugepagesize:       2048 kB
DirectMap4k:      619520 kB
DirectMap2M:    81657856 kB
DirectMap1G:    1528823808 kB
