MemTotal:       1583456364 kB
MemFree:        963379924 kB
MemAvailable:   1081974024 kB
Buffers:              20 kB
Cached:         118812232 kB
SwapCached:        14252 kB
Active:         547128736 kB
Inactive:       43873040 kB
Active(anon):   446709840 kB
Inactive(anon): 25569932 kB
Active(file):   100418896 kB
Inactive(file): 18303108 kB
Unevictable:           0 kB
Mlocked:               0 kB
SwapTotal:       4194300 kB
SwapFree:           4120 kB
Dirty:              4852 kB
Writeback:          4332 kB
AnonPages:      472960324 kB
Mapped:           229352 kB
Shmem:             95568 kB
Slab:            2765568 kB
SReclaimable:    1715680 kB
SUnreclaim:      1049888 kB
KernelStack:       97728 kB
PageTables:      8848332 kB
NFS_Unstable:          0 kB
Bounce:                0 kB
WritebackTmp:          0 kB
CommitLimit:    795922480 kB
Committed_AS:   10046215620 kB
VmallocTotal:   34359738367 kB
VmallocUsed:     4002000 kB
VmallocChunk:   33147826172 kB
Percpu:           184320 kB
HardwareCorrupted:     0 kB
AnonHugePages:  34068480 kB
CmaTotal:              0 kB
CmaFree:               0 kB
HugePages_Total:       0
HugePages_Free:        0
HugePages_Rsvd:        0
HugePages_Surp:        0
Hugepagesize:       2048 kB
DirectMap4k:      619520 kB
DirectMap2M:    81657856 kB
DirectMap1G:    1528823808 kB
