MemTotal:       1583456364 kB
MemFree:        938673960 kB
MemAvailable:   1057243540 kB
Buffers:              20 kB
Cached:         118790388 kB
SwapCached:        14252 kB
Active:         571079856 kB
Inactive:       43870464 kB
Active(anon):   470682772 kB
Inactive(anon): 25569920 kB
Active(file):   100397084 kB
Inactive(file): 18300544 kB
Unevictable:           0 kB
Mlocked:               0 kB
SwapTotal:       4194300 kB
SwapFree:           4120 kB
Dirty:              3976 kB
Writeback:             0 kB
AnonPages:      496825076 kB
Mapped:           229084 kB
Shmem:             95568 kB
Slab:            2768332 kB
SReclaimable:    1715536 kB
SUnreclaim:      1052796 kB
KernelStack:       86672 kB
PageTables:      9559160 kB
NFS_Unstable:          0 kB
Bounce:                0 kB
WritebackTmp:          0 kB
CommitLimit:    795922480 kB
Committed_AS:   10405263100 kB
VmallocTotal:   34359738367 kB
VmallocUsed:     4002000 kB
VmallocChunk:   33147826172 kB
Percpu:           184320 kB
HardwareCorrupted:     0 kB
AnonHugePages:  34019328 kB
CmaTotal:              0 kB
CmaFree:               0 kB
HugePages_Total:       0
HugePages_Free:        0
HugePages_Rsvd:        0
HugePages_Surp:        0
Hugepagesize:       2048 kB
DirectMap4k:      619520 kB
DirectMap2M:    81657856 kB
DirectMap1G:    1528823808 kB
