MemTotal:       1583456364 kB
MemFree:        963517240 kB
MemAvailable:   1082111344 kB
Buffers:              20 kB
Cached:         118814176 kB
SwapCached:        14252 kB
Active:         546878764 kB
Inactive:       43874068 kB
Active(anon):   446461196 kB
Inactive(anon): 25569932 kB
Active(file):   100417568 kB
Inactive(file): 18304136 kB
Unevictable:           0 kB
Mlocked:               0 kB
SwapTotal:       4194300 kB
SwapFree:           4120 kB
Dirty:              2068 kB
Writeback:          2364 kB
AnonPages:      472541492 kB
Mapped:           255540 kB
Shmem:             95568 kB
Slab:            2765788 kB
SReclaimable:    1715712 kB
SUnreclaim:      1050076 kB
KernelStack:       96496 kB
PageTables:      8955624 kB
NFS_Unstable:          0 kB
Bounce:                0 kB
WritebackTmp:          0 kB
CommitLimit:    795922480 kB
Committed_AS:   10098568920 kB
VmallocTotal:   34359738367 kB
VmallocUsed:     4002000 kB
VmallocChunk:   33147826172 kB
Percpu:           184320 kB
HardwareCorrupted:     0 kB
AnonHugePages:  34086912 kB
CmaTotal:              0 kB
CmaFree:               0 kB
HugePages_Total:       0
HugePages_Free:        0
HugePages_Rsvd:        0
HugePages_Surp:        0
Hugepagesize:       2048 kB
DirectMap4k:      619520 kB
DirectMap2M:    81657856 kB
DirectMap1G:    1528823808 kB
