MemTotal:       1583456364 kB
MemFree:        936621068 kB
MemAvailable:   1055538876 kB
Buffers:              20 kB
Cached:         119117156 kB
SwapCached:        14252 kB
Active:         573218600 kB
Inactive:       43966472 kB
Active(anon):   472577448 kB
Inactive(anon): 25569940 kB
Active(file):   100641152 kB
Inactive(file): 18396532 kB
Unevictable:           0 kB
Mlocked:               0 kB
SwapTotal:       4194300 kB
SwapFree:           4120 kB
Dirty:              8796 kB
Writeback:          4288 kB
AnonPages:      499099100 kB
Mapped:           218076 kB
Shmem:             95560 kB
Slab:            2770252 kB
SReclaimable:    1723320 kB
SUnreclaim:      1046932 kB
KernelStack:       91296 kB
PageTables:      9518560 kB
NFS_Unstable:          0 kB
Bounce:                0 kB
WritebackTmp:          0 kB
CommitLimit:    795922480 kB
Committed_AS:   10398982996 kB
VmallocTotal:   34359738367 kB
VmallocUsed:     4002000 kB
VmallocChunk:   33147826172 kB
Percpu:           184320 kB
HardwareCorrupted:     0 kB
AnonHugePages:  34357248 kB
CmaTotal:              0 kB
CmaFree:               0 kB
HugePages_Total:       0
HugePages_Free:        0
HugePages_Rsvd:        0
HugePages_Surp:        0
Hugepagesize:       2048 kB
DirectMap4k:      619520 kB
DirectMap2M:    81657856 kB
DirectMap1G:    1528823808 kB
