MemTotal:       1583456364 kB
MemFree:        946259856 kB
MemAvailable:   1064832684 kB
Buffers:              20 kB
Cached:         118799696 kB
SwapCached:        14252 kB
Active:         563789812 kB
Inactive:       43869996 kB
Active(anon):   463387704 kB
Inactive(anon): 25569924 kB
Active(file):   100402108 kB
Inactive(file): 18300072 kB
Unevictable:           0 kB
Mlocked:               0 kB
SwapTotal:       4194300 kB
SwapFree:           4120 kB
Dirty:              3212 kB
Writeback:          1212 kB
AnonPages:      489446920 kB
Mapped:           228748 kB
Shmem:             95568 kB
Slab:            2766880 kB
SReclaimable:    1715472 kB
SUnreclaim:      1051408 kB
KernelStack:       86656 kB
PageTables:      9294904 kB
NFS_Unstable:          0 kB
Bounce:                0 kB
WritebackTmp:          0 kB
CommitLimit:    795922480 kB
Committed_AS:   10269835240 kB
VmallocTotal:   34359738367 kB
VmallocUsed:     4002000 kB
VmallocChunk:   33147826172 kB
Percpu:           184320 kB
HardwareCorrupted:     0 kB
AnonHugePages:  33861632 kB
CmaTotal:              0 kB
CmaFree:               0 kB
HugePages_Total:       0
HugePages_Free:        0
HugePages_Rsvd:        0
HugePages_Surp:        0
Hugepagesize:       2048 kB
DirectMap4k:      619520 kB
DirectMap2M:    81657856 kB
DirectMap1G:    1528823808 kB
