MemTotal:       1583456364 kB
MemFree:        968445236 kB
MemAvailable:   1087330740 kB
Buffers:              20 kB
Cached:         119095440 kB
SwapCached:        14252 kB
Active:         541980724 kB
Inactive:       43969060 kB
Active(anon):   441372432 kB
Inactive(anon): 25569944 kB
Active(file):   100608292 kB
Inactive(file): 18399116 kB
Unevictable:           0 kB
Mlocked:               0 kB
SwapTotal:       4194300 kB
SwapFree:           4120 kB
Dirty:              8056 kB
Writeback:          3388 kB
AnonPages:      467293804 kB
Mapped:           254044 kB
Shmem:             95560 kB
Slab:            2770208 kB
SReclaimable:    1722184 kB
SUnreclaim:      1048024 kB
KernelStack:      101520 kB
PageTables:      8840180 kB
NFS_Unstable:          0 kB
Bounce:                0 kB
WritebackTmp:          0 kB
CommitLimit:    795922480 kB
Committed_AS:   10036528304 kB
VmallocTotal:   34359738367 kB
VmallocUsed:     4002000 kB
VmallocChunk:   33147826172 kB
Percpu:           184320 kB
HardwareCorrupted:     0 kB
AnonHugePages:  33855488 kB
CmaTotal:              0 kB
CmaFree:               0 kB
HugePages_Total:       0
HugePages_Free:        0
HugePages_Rsvd:        0
HugePages_Surp:        0
Hugepagesize:       2048 kB
DirectMap4k:      619520 kB
DirectMap2M:    81657856 kB
DirectMap1G:    1528823808 kB
