MemTotal:       1583456364 kB
MemFree:        944513456 kB
MemAvailable:   1063088312 kB
Buffers:              20 kB
Cached:         118798004 kB
SwapCached:        14252 kB
Active:         565215748 kB
Inactive:       43873332 kB
Active(anon):   464816852 kB
Inactive(anon): 25569924 kB
Active(file):   100398896 kB
Inactive(file): 18303408 kB
Unevictable:           0 kB
Mlocked:               0 kB
SwapTotal:       4194300 kB
SwapFree:           4120 kB
Dirty:              7136 kB
Writeback:             0 kB
AnonPages:      490857680 kB
Mapped:           258528 kB
Shmem:             95568 kB
Slab:            2766792 kB
SReclaimable:    1715632 kB
SUnreclaim:      1051160 kB
KernelStack:       84112 kB
PageTables:      9512928 kB
NFS_Unstable:          0 kB
Bounce:                0 kB
WritebackTmp:          0 kB
CommitLimit:    795922480 kB
Committed_AS:   10377168152 kB
VmallocTotal:   34359738367 kB
VmallocUsed:     4002000 kB
VmallocChunk:   33147826172 kB
Percpu:           184320 kB
HardwareCorrupted:     0 kB
AnonHugePages:  34013184 kB
CmaTotal:              0 kB
CmaFree:               0 kB
HugePages_Total:       0
HugePages_Free:        0
HugePages_Rsvd:        0
HugePages_Surp:        0
Hugepagesize:       2048 kB
DirectMap4k:      619520 kB
DirectMap2M:    81657856 kB
DirectMap1G:    1528823808 kB
