MemTotal:       1583456364 kB
MemFree:        979650948 kB
MemAvailable:   1098529160 kB
Buffers:              20 kB
Cached:         119081692 kB
SwapCached:        14252 kB
Active:         531129148 kB
Inactive:       43965968 kB
Active(anon):   430525752 kB
Inactive(anon): 25569944 kB
Active(file):   100603396 kB
Inactive(file): 18396024 kB
Unevictable:           0 kB
Mlocked:               0 kB
SwapTotal:       4194300 kB
SwapFree:           4120 kB
Dirty:              9308 kB
Writeback:          3508 kB
AnonPages:      456730260 kB
Mapped:           249480 kB
Shmem:             95560 kB
Slab:            2769192 kB
SReclaimable:    1722376 kB
SUnreclaim:      1046816 kB
KernelStack:       95152 kB
PageTables:      8507024 kB
NFS_Unstable:          0 kB
Bounce:                0 kB
WritebackTmp:          0 kB
CommitLimit:    795922480 kB
Committed_AS:   9862476124 kB
VmallocTotal:   34359738367 kB
VmallocUsed:     4002000 kB
VmallocChunk:   33147826172 kB
Percpu:           184320 kB
HardwareCorrupted:     0 kB
AnonHugePages:  34369536 kB
CmaTotal:              0 kB
CmaFree:               0 kB
HugePages_Total:       0
HugePages_Free:        0
HugePages_Rsvd:        0
HugePages_Surp:        0
Hugepagesize:       2048 kB
DirectMap4k:      619520 kB
DirectMap2M:    81657856 kB
DirectMap1G:    1528823808 kB
