MemTotal:       1583456364 kB
MemFree:        914814276 kB
MemAvailable:   1033635452 kB
Buffers:              20 kB
Cached:         119030592 kB
SwapCached:        14252 kB
Active:         594303280 kB
Inactive:       43967848 kB
Active(anon):   493756260 kB
Inactive(anon): 25569948 kB
Active(file):   100547020 kB
Inactive(file): 18397900 kB
Unevictable:           0 kB
Mlocked:               0 kB
SwapTotal:       4194300 kB
SwapFree:           4120 kB
Dirty:             14060 kB
Writeback:          3384 kB
AnonPages:      519649260 kB
Mapped:           218956 kB
Shmem:             95560 kB
Slab:            2770400 kB
SReclaimable:    1719336 kB
SUnreclaim:      1051064 kB
KernelStack:      102192 kB
PageTables:     10193160 kB
NFS_Unstable:          0 kB
Bounce:                0 kB
WritebackTmp:          0 kB
CommitLimit:    795922480 kB
Committed_AS:   10729460680 kB
VmallocTotal:   34359738367 kB
VmallocUsed:     4002000 kB
VmallocChunk:   33147826172 kB
Percpu:           184320 kB
HardwareCorrupted:     0 kB
AnonHugePages:  33693696 kB
CmaTotal:              0 kB
CmaFree:               0 kB
HugePages_Total:       0
HugePages_Free:        0
HugePages_Rsvd:        0
HugePages_Surp:        0
Hugepagesize:       2048 kB
DirectMap4k:      619520 kB
DirectMap2M:    81657856 kB
DirectMap1G:    1528823808 kB
