MemTotal:       1583456364 kB
MemFree:        882105312 kB
MemAvailable:   1000946892 kB
Buffers:              20 kB
Cached:         119052904 kB
SwapCached:        14252 kB
Active:         626002184 kB
Inactive:       43961908 kB
Active(anon):   525429364 kB
Inactive(anon): 25569940 kB
Active(file):   100572820 kB
Inactive(file): 18391968 kB
Unevictable:           0 kB
Mlocked:               0 kB
SwapTotal:       4194300 kB
SwapFree:           4120 kB
Dirty:              6480 kB
Writeback:          1092 kB
AnonPages:      551146976 kB
Mapped:           247488 kB
Shmem:             95560 kB
Slab:            2767972 kB
SReclaimable:    1720376 kB
SUnreclaim:      1047596 kB
KernelStack:       78832 kB
PageTables:     11016068 kB
NFS_Unstable:          0 kB
Bounce:                0 kB
WritebackTmp:          0 kB
CommitLimit:    795922480 kB
Committed_AS:   11153110268 kB
VmallocTotal:   34359738367 kB
VmallocUsed:     4002000 kB
VmallocChunk:   33147826172 kB
Percpu:           184320 kB
HardwareCorrupted:     0 kB
AnonHugePages:  33716224 kB
CmaTotal:              0 kB
CmaFree:               0 kB
HugePages_Total:       0
HugePages_Free:        0
HugePages_Rsvd:        0
HugePages_Surp:        0
Hugepagesize:       2048 kB
DirectMap4k:      619520 kB
DirectMap2M:    81657856 kB
DirectMap1G:    1528823808 kB
