MemTotal:       1583456364 kB
MemFree:        900962316 kB
MemAvailable:   1019879360 kB
Buffers:              20 kB
Cached:         119119172 kB
SwapCached:        14252 kB
Active:         607998788 kB
Inactive:       43952984 kB
Active(anon):   507342656 kB
Inactive(anon): 25569940 kB
Active(file):   100656132 kB
Inactive(file): 18383044 kB
Unevictable:           0 kB
Mlocked:               0 kB
SwapTotal:       4194300 kB
SwapFree:           4120 kB
Dirty:              9000 kB
Writeback:          4764 kB
AnonPages:      533964648 kB
Mapped:           230272 kB
Shmem:             95560 kB
Slab:            2769180 kB
SReclaimable:    1723312 kB
SUnreclaim:      1045868 kB
KernelStack:       98448 kB
PageTables:     10438712 kB
NFS_Unstable:          0 kB
Bounce:                0 kB
WritebackTmp:          0 kB
CommitLimit:    795922480 kB
Committed_AS:   10869024424 kB
VmallocTotal:   34359738367 kB
VmallocUsed:     4002000 kB
VmallocChunk:   33147826172 kB
Percpu:           184320 kB
HardwareCorrupted:     0 kB
AnonHugePages:  34353152 kB
CmaTotal:              0 kB
CmaFree:               0 kB
HugePages_Total:       0
HugePages_Free:        0
HugePages_Rsvd:        0
HugePages_Surp:        0
Hugepagesize:       2048 kB
DirectMap4k:      619520 kB
DirectMap2M:    81657856 kB
DirectMap1G:    1528823808 kB
