MemTotal:       1583456364 kB
MemFree:        914004428 kB
MemAvailable:   1032822200 kB
Buffers:              20 kB
Cached:         119028100 kB
SwapCached:        14252 kB
Active:         595125376 kB
Inactive:       43966832 kB
Active(anon):   494579556 kB
Inactive(anon): 25569948 kB
Active(file):   100545820 kB
Inactive(file): 18396884 kB
Unevictable:           0 kB
Mlocked:               0 kB
SwapTotal:       4194300 kB
SwapFree:           4120 kB
Dirty:             13832 kB
Writeback:          3780 kB
AnonPages:      520371776 kB
Mapped:           237492 kB
Shmem:             95560 kB
Slab:            2770492 kB
SReclaimable:    1719272 kB
SUnreclaim:      1051220 kB
KernelStack:      102928 kB
PageTables:     10179104 kB
NFS_Unstable:          0 kB
Bounce:                0 kB
WritebackTmp:          0 kB
CommitLimit:    795922480 kB
Committed_AS:   10722864988 kB
VmallocTotal:   34359738367 kB
VmallocUsed:     4002000 kB
VmallocChunk:   33147826172 kB
Percpu:           184320 kB
HardwareCorrupted:     0 kB
AnonHugePages:  33665024 kB
CmaTotal:              0 kB
CmaFree:               0 kB
HugePages_Total:       0
HugePages_Free:        0
HugePages_Rsvd:        0
HugePages_Surp:        0
Hugepagesize:       2048 kB
DirectMap4k:      619520 kB
DirectMap2M:    81657856 kB
DirectMap1G:    1528823808 kB
