MemTotal:       1583456364 kB
MemFree:        935974780 kB
MemAvailable:   1054891904 kB
Buffers:              20 kB
Cached:         119117192 kB
SwapCached:        14252 kB
Active:         573802168 kB
Inactive:       43962220 kB
Active(anon):   473157220 kB
Inactive(anon): 25569940 kB
Active(file):   100644948 kB
Inactive(file): 18392280 kB
Unevictable:           0 kB
Mlocked:               0 kB
SwapTotal:       4194300 kB
SwapFree:           4120 kB
Dirty:              7908 kB
Writeback:          2068 kB
AnonPages:      499649368 kB
Mapped:           219624 kB
Shmem:             95560 kB
Slab:            2769620 kB
SReclaimable:    1723480 kB
SUnreclaim:      1046140 kB
KernelStack:       96576 kB
PageTables:      9594176 kB
NFS_Unstable:          0 kB
Bounce:                0 kB
WritebackTmp:          0 kB
CommitLimit:    795922480 kB
Committed_AS:   10435804376 kB
VmallocTotal:   34359738367 kB
VmallocUsed:     4002000 kB
VmallocChunk:   33147826172 kB
Percpu:           184320 kB
HardwareCorrupted:     0 kB
AnonHugePages:  34271232 kB
CmaTotal:              0 kB
CmaFree:               0 kB
HugePages_Total:       0
HugePages_Free:        0
HugePages_Rsvd:        0
HugePages_Surp:        0
Hugepagesize:       2048 kB
DirectMap4k:      619520 kB
DirectMap2M:    81657856 kB
DirectMap1G:    1528823808 kB
