MemTotal:       1583456364 kB
MemFree:        935388320 kB
MemAvailable:   1054200236 kB
Buffers:              20 kB
Cached:         119024972 kB
SwapCached:        14252 kB
Active:         574211264 kB
Inactive:       43959952 kB
Active(anon):   473665340 kB
Inactive(anon): 25569948 kB
Active(file):   100545924 kB
Inactive(file): 18390004 kB
Unevictable:           0 kB
Mlocked:               0 kB
SwapTotal:       4194300 kB
SwapFree:           4120 kB
Dirty:              7360 kB
Writeback:          3052 kB
AnonPages:      499568296 kB
Mapped:           209856 kB
Shmem:             95560 kB
Slab:            2775036 kB
SReclaimable:    1720192 kB
SUnreclaim:      1054844 kB
KernelStack:       95888 kB
PageTables:      9563480 kB
NFS_Unstable:          0 kB
Bounce:                0 kB
WritebackTmp:          0 kB
CommitLimit:    795922480 kB
Committed_AS:   10468068280 kB
VmallocTotal:   34359738367 kB
VmallocUsed:     4002000 kB
VmallocChunk:   33147826172 kB
Percpu:           184320 kB
HardwareCorrupted:     0 kB
AnonHugePages:  33654784 kB
CmaTotal:              0 kB
CmaFree:               0 kB
HugePages_Total:       0
HugePages_Free:        0
HugePages_Rsvd:        0
HugePages_Surp:        0
Hugepagesize:       2048 kB
DirectMap4k:      619520 kB
DirectMap2M:    81657856 kB
DirectMap1G:    1528823808 kB
