MemTotal:       1583456364 kB
MemFree:        961329824 kB
MemAvailable:   1079924044 kB
Buffers:              20 kB
Cached:         118812400 kB
SwapCached:        14252 kB
Active:         549013004 kB
Inactive:       43871328 kB
Active(anon):   448592228 kB
Inactive(anon): 25569932 kB
Active(file):   100420776 kB
Inactive(file): 18301396 kB
Unevictable:           0 kB
Mlocked:               0 kB
SwapTotal:       4194300 kB
SwapFree:           4120 kB
Dirty:              6976 kB
Writeback:          1588 kB
AnonPages:      474692692 kB
Mapped:           251744 kB
Shmem:             95568 kB
Slab:            2764916 kB
SReclaimable:    1715632 kB
SUnreclaim:      1049284 kB
KernelStack:       93712 kB
PageTables:      9010848 kB
NFS_Unstable:          0 kB
Bounce:                0 kB
WritebackTmp:          0 kB
CommitLimit:    795922480 kB
Committed_AS:   10127327436 kB
VmallocTotal:   34359738367 kB
VmallocUsed:     4002000 kB
VmallocChunk:   33147826172 kB
Percpu:           184320 kB
HardwareCorrupted:     0 kB
AnonHugePages:  33867776 kB
CmaTotal:              0 kB
CmaFree:               0 kB
HugePages_Total:       0
HugePages_Free:        0
HugePages_Rsvd:        0
HugePages_Surp:        0
Hugepagesize:       2048 kB
DirectMap4k:      619520 kB
DirectMap2M:    81657856 kB
DirectMap1G:    1528823808 kB
