MemTotal:       1583456364 kB
MemFree:        980444244 kB
MemAvailable:   1099338424 kB
Buffers:              20 kB
Cached:         119098332 kB
SwapCached:        14252 kB
Active:         530413704 kB
Inactive:       43968696 kB
Active(anon):   429798432 kB
Inactive(anon): 25569940 kB
Active(file):   100615272 kB
Inactive(file): 18398756 kB
Unevictable:           0 kB
Mlocked:               0 kB
SwapTotal:       4194300 kB
SwapFree:           4120 kB
Dirty:             11844 kB
Writeback:          3480 kB
AnonPages:      456342552 kB
Mapped:           216600 kB
Shmem:             95560 kB
Slab:            2770088 kB
SReclaimable:    1722728 kB
SUnreclaim:      1047360 kB
KernelStack:       94512 kB
PageTables:      8402016 kB
NFS_Unstable:          0 kB
Bounce:                0 kB
WritebackTmp:          0 kB
CommitLimit:    795922480 kB
Committed_AS:   9817652592 kB
VmallocTotal:   34359738367 kB
VmallocUsed:     4002000 kB
VmallocChunk:   33147826172 kB
Percpu:           184320 kB
HardwareCorrupted:     0 kB
AnonHugePages:  34353152 kB
CmaTotal:              0 kB
CmaFree:               0 kB
HugePages_Total:       0
HugePages_Free:        0
HugePages_Rsvd:        0
HugePages_Surp:        0
Hugepagesize:       2048 kB
DirectMap4k:      619520 kB
DirectMap2M:    81657856 kB
DirectMap1G:    1528823808 kB
