MemTotal:       1583456364 kB
MemFree:        958620576 kB
MemAvailable:   1077239532 kB
Buffers:              20 kB
Cached:         118836704 kB
SwapCached:        14252 kB
Active:         551759976 kB
Inactive:       43876340 kB
Active(anon):   451321688 kB
Inactive(anon): 25569936 kB
Active(file):   100438288 kB
Inactive(file): 18306404 kB
Unevictable:           0 kB
Mlocked:               0 kB
SwapTotal:       4194300 kB
SwapFree:           4120 kB
Dirty:              5448 kB
Writeback:          3376 kB
AnonPages:      477186320 kB
Mapped:           221688 kB
Shmem:             95608 kB
Slab:            2764624 kB
SReclaimable:    1717848 kB
SUnreclaim:      1046776 kB
KernelStack:       85568 kB
PageTables:      8972792 kB
NFS_Unstable:          0 kB
Bounce:                0 kB
WritebackTmp:          0 kB
CommitLimit:    795922480 kB
Committed_AS:   10106991860 kB
VmallocTotal:   34359738367 kB
VmallocUsed:     4002000 kB
VmallocChunk:   33147826172 kB
Percpu:           184320 kB
HardwareCorrupted:     0 kB
AnonHugePages:  33699840 kB
CmaTotal:              0 kB
CmaFree:               0 kB
HugePages_Total:       0
HugePages_Free:        0
HugePages_Rsvd:        0
HugePages_Surp:        0
Hugepagesize:       2048 kB
DirectMap4k:      619520 kB
DirectMap2M:    81657856 kB
DirectMap1G:    1528823808 kB
