MemTotal:       1583456364 kB
MemFree:        882553160 kB
MemAvailable:   1001400068 kB
Buffers:              20 kB
Cached:         119060384 kB
SwapCached:        14252 kB
Active:         625743860 kB
Inactive:       43961296 kB
Active(anon):   525166456 kB
Inactive(anon): 25569940 kB
Active(file):   100577404 kB
Inactive(file): 18391356 kB
Unevictable:           0 kB
Mlocked:               0 kB
SwapTotal:       4194300 kB
SwapFree:           4120 kB
Dirty:             14868 kB
Writeback:          1580 kB
AnonPages:      550764684 kB
Mapped:           234372 kB
Shmem:             95560 kB
Slab:            2769752 kB
SReclaimable:    1721344 kB
SUnreclaim:      1048408 kB
KernelStack:       78016 kB
PageTables:     10997544 kB
NFS_Unstable:          0 kB
Bounce:                0 kB
WritebackTmp:          0 kB
CommitLimit:    795922480 kB
Committed_AS:   11142420604 kB
VmallocTotal:   34359738367 kB
VmallocUsed:     4002000 kB
VmallocChunk:   33147826172 kB
Percpu:           184320 kB
HardwareCorrupted:     0 kB
AnonHugePages:  33576960 kB
CmaTotal:              0 kB
CmaFree:               0 kB
HugePages_Total:       0
HugePages_Free:        0
HugePages_Rsvd:        0
HugePages_Surp:        0
Hugepagesize:       2048 kB
DirectMap4k:      619520 kB
DirectMap2M:    81657856 kB
DirectMap1G:    1528823808 kB
