MemTotal:       1583456364 kB
MemFree:        933723460 kB
MemAvailable:   1052535772 kB
Buffers:              20 kB
Cached:         119026312 kB
SwapCached:        14252 kB
Active:         575946688 kB
Inactive:       43960288 kB
Active(anon):   475399500 kB
Inactive(anon): 25569952 kB
Active(file):   100547188 kB
Inactive(file): 18390336 kB
Unevictable:           0 kB
Mlocked:               0 kB
SwapTotal:       4194300 kB
SwapFree:           4120 kB
Dirty:              7236 kB
Writeback:          2800 kB
AnonPages:      501274888 kB
Mapped:           220348 kB
Shmem:             95560 kB
Slab:            2774108 kB
SReclaimable:    1720152 kB
SUnreclaim:      1053956 kB
KernelStack:       95344 kB
PageTables:      9608756 kB
NFS_Unstable:          0 kB
Bounce:                0 kB
WritebackTmp:          0 kB
CommitLimit:    795922480 kB
Committed_AS:   10432262212 kB
VmallocTotal:   34359738367 kB
VmallocUsed:     4002000 kB
VmallocChunk:   33147826172 kB
Percpu:           184320 kB
HardwareCorrupted:     0 kB
AnonHugePages:  33660928 kB
CmaTotal:              0 kB
CmaFree:               0 kB
HugePages_Total:       0
HugePages_Free:        0
HugePages_Rsvd:        0
HugePages_Surp:        0
Hugepagesize:       2048 kB
DirectMap4k:      619520 kB
DirectMap2M:    81657856 kB
DirectMap1G:    1528823808 kB
