MemTotal:       1583456364 kB
MemFree:        967417948 kB
MemAvailable:   1086301744 kB
Buffers:              20 kB
Cached:         119093236 kB
SwapCached:        14252 kB
Active:         542976880 kB
Inactive:       43967520 kB
Active(anon):   442369260 kB
Inactive(anon): 25569944 kB
Active(file):   100607620 kB
Inactive(file): 18397576 kB
Unevictable:           0 kB
Mlocked:               0 kB
SwapTotal:       4194300 kB
SwapFree:           4120 kB
Dirty:              8456 kB
Writeback:          1860 kB
AnonPages:      468361864 kB
Mapped:           254404 kB
Shmem:             95560 kB
Slab:            2770456 kB
SReclaimable:    1722184 kB
SUnreclaim:      1048272 kB
KernelStack:       99072 kB
PageTables:      8885812 kB
NFS_Unstable:          0 kB
Bounce:                0 kB
WritebackTmp:          0 kB
CommitLimit:    795922480 kB
Committed_AS:   10059328312 kB
VmallocTotal:   34359738367 kB
VmallocUsed:     4002000 kB
VmallocChunk:   33147826172 kB
Percpu:           184320 kB
HardwareCorrupted:     0 kB
AnonHugePages:  33931264 kB
CmaTotal:              0 kB
CmaFree:               0 kB
HugePages_Total:       0
HugePages_Free:        0
HugePages_Rsvd:        0
HugePages_Surp:        0
Hugepagesize:       2048 kB
DirectMap4k:      619520 kB
DirectMap2M:    81657856 kB
DirectMap1G:    1528823808 kB
