MemTotal:       1583456364 kB
MemFree:        967048352 kB
MemAvailable:   1085928516 kB
Buffers:              20 kB
Cached:         119089724 kB
SwapCached:        14252 kB
Active:         543415604 kB
Inactive:       43965580 kB
Active(anon):   442809056 kB
Inactive(anon): 25569944 kB
Active(file):   100606548 kB
Inactive(file): 18395636 kB
Unevictable:           0 kB
Mlocked:               0 kB
SwapTotal:       4194300 kB
SwapFree:           4120 kB
Dirty:             12128 kB
Writeback:          4668 kB
AnonPages:      468855964 kB
Mapped:           261680 kB
Shmem:             95560 kB
Slab:            2770592 kB
SReclaimable:    1722184 kB
SUnreclaim:      1048408 kB
KernelStack:      100256 kB
PageTables:      8816368 kB
NFS_Unstable:          0 kB
Bounce:                0 kB
WritebackTmp:          0 kB
CommitLimit:    795922480 kB
Committed_AS:   10021835176 kB
VmallocTotal:   34359738367 kB
VmallocUsed:     4002000 kB
VmallocChunk:   33147826172 kB
Percpu:           184320 kB
HardwareCorrupted:     0 kB
AnonHugePages:  33959936 kB
CmaTotal:              0 kB
CmaFree:               0 kB
HugePages_Total:       0
HugePages_Free:        0
HugePages_Rsvd:        0
HugePages_Surp:        0
Hugepagesize:       2048 kB
DirectMap4k:      619520 kB
DirectMap2M:    81657856 kB
DirectMap1G:    1528823808 kB
