MemTotal:       1583456364 kB
MemFree:        916689736 kB
MemAvailable:   1035528172 kB
Buffers:              20 kB
Cached:         119049760 kB
SwapCached:        14252 kB
Active:         592543892 kB
Inactive:       43965752 kB
Active(anon):   491978128 kB
Inactive(anon): 25569940 kB
Active(file):   100565764 kB
Inactive(file): 18395812 kB
Unevictable:           0 kB
Mlocked:               0 kB
SwapTotal:       4194300 kB
SwapFree:           4120 kB
Dirty:             10532 kB
Writeback:             0 kB
AnonPages:      518153208 kB
Mapped:           271812 kB
Shmem:             95560 kB
Slab:            2772460 kB
SReclaimable:    1720560 kB
SUnreclaim:      1051900 kB
KernelStack:       93776 kB
PageTables:     10037688 kB
NFS_Unstable:          0 kB
Bounce:                0 kB
WritebackTmp:          0 kB
CommitLimit:    795922480 kB
Committed_AS:   10649656556 kB
VmallocTotal:   34359738367 kB
VmallocUsed:     4002000 kB
VmallocChunk:   33147826172 kB
Percpu:           184320 kB
HardwareCorrupted:     0 kB
AnonHugePages:  34201600 kB
CmaTotal:              0 kB
CmaFree:               0 kB
HugePages_Total:       0
HugePages_Free:        0
HugePages_Rsvd:        0
HugePages_Surp:        0
Hugepagesize:       2048 kB
DirectMap4k:      619520 kB
DirectMap2M:    81657856 kB
DirectMap1G:    1528823808 kB
