MemTotal:       1583456364 kB
MemFree:        907672736 kB
MemAvailable:   1026246124 kB
Buffers:              20 kB
Cached:         118787976 kB
SwapCached:        14252 kB
Active:         601352084 kB
Inactive:       43881696 kB
Active(anon):   500959400 kB
Inactive(anon): 25569920 kB
Active(file):   100392684 kB
Inactive(file): 18311776 kB
Unevictable:           0 kB
Mlocked:               0 kB
SwapTotal:       4194300 kB
SwapFree:           4120 kB
Dirty:              9980 kB
Writeback:             0 kB
AnonPages:      527285840 kB
Mapped:           253896 kB
Shmem:             95564 kB
Slab:            2768492 kB
SReclaimable:    1713752 kB
SUnreclaim:      1054740 kB
KernelStack:      102384 kB
PageTables:     10319656 kB
NFS_Unstable:          0 kB
Bounce:                0 kB
WritebackTmp:          0 kB
CommitLimit:    795922480 kB
Committed_AS:   10796374604 kB
VmallocTotal:   34359738367 kB
VmallocUsed:     4002000 kB
VmallocChunk:   33147826172 kB
Percpu:           184320 kB
HardwareCorrupted:     0 kB
AnonHugePages:  34148352 kB
CmaTotal:              0 kB
CmaFree:               0 kB
HugePages_Total:       0
HugePages_Free:        0
HugePages_Rsvd:        0
HugePages_Surp:        0
Hugepagesize:       2048 kB
DirectMap4k:      619520 kB
DirectMap2M:    81657856 kB
DirectMap1G:    1528823808 kB
