MemTotal:       1583456364 kB
MemFree:        949486872 kB
MemAvailable:   1068071884 kB
Buffers:              20 kB
Cached:         118805264 kB
SwapCached:        14252 kB
Active:         560647128 kB
Inactive:       43874716 kB
Active(anon):   460239560 kB
Inactive(anon): 25569928 kB
Active(file):   100407568 kB
Inactive(file): 18304788 kB
Unevictable:           0 kB
Mlocked:               0 kB
SwapTotal:       4194300 kB
SwapFree:           4120 kB
Dirty:               900 kB
Writeback:          1304 kB
AnonPages:      486255928 kB
Mapped:           254780 kB
Shmem:             95568 kB
Slab:            2766292 kB
SReclaimable:    1715736 kB
SUnreclaim:      1050556 kB
KernelStack:       91680 kB
PageTables:      9196096 kB
NFS_Unstable:          0 kB
Bounce:                0 kB
WritebackTmp:          0 kB
CommitLimit:    795922480 kB
Committed_AS:   10226429204 kB
VmallocTotal:   34359738367 kB
VmallocUsed:     4002000 kB
VmallocChunk:   33147826172 kB
Percpu:           184320 kB
HardwareCorrupted:     0 kB
AnonHugePages:  33910784 kB
CmaTotal:              0 kB
CmaFree:               0 kB
HugePages_Total:       0
HugePages_Free:        0
HugePages_Rsvd:        0
HugePages_Surp:        0
Hugepagesize:       2048 kB
DirectMap4k:      619520 kB
DirectMap2M:    81657856 kB
DirectMap1G:    1528823808 kB
