MemTotal:       1583456364 kB
MemFree:        889559812 kB
MemAvailable:   1008116140 kB
Buffers:              20 kB
Cached:         118769668 kB
SwapCached:        14252 kB
Active:         618869124 kB
Inactive:       43886928 kB
Active(anon):   518499844 kB
Inactive(anon): 25569920 kB
Active(file):   100369280 kB
Inactive(file): 18317008 kB
Unevictable:           0 kB
Mlocked:               0 kB
SwapTotal:       4194300 kB
SwapFree:           4120 kB
Dirty:             12168 kB
Writeback:             0 kB
AnonPages:      544885900 kB
Mapped:           227780 kB
Shmem:             95564 kB
Slab:            2761176 kB
SReclaimable:    1712616 kB
SUnreclaim:      1048560 kB
KernelStack:       93184 kB
PageTables:     10890856 kB
NFS_Unstable:          0 kB
Bounce:                0 kB
WritebackTmp:          0 kB
CommitLimit:    795922480 kB
Committed_AS:   11106293156 kB
VmallocTotal:   34359738367 kB
VmallocUsed:     4002000 kB
VmallocChunk:   33147826172 kB
Percpu:           184320 kB
HardwareCorrupted:     0 kB
AnonHugePages:  34220032 kB
CmaTotal:              0 kB
CmaFree:               0 kB
HugePages_Total:       0
HugePages_Free:        0
HugePages_Rsvd:        0
HugePages_Surp:        0
Hugepagesize:       2048 kB
DirectMap4k:      619520 kB
DirectMap2M:    81657856 kB
DirectMap1G:    1528823808 kB
