MemTotal:       1583456364 kB
MemFree:        949156700 kB
MemAvailable:   1067739532 kB
Buffers:              20 kB
Cached:         118803600 kB
SwapCached:        14252 kB
Active:         560974580 kB
Inactive:       43874640 kB
Active(anon):   460568612 kB
Inactive(anon): 25569928 kB
Active(file):   100405968 kB
Inactive(file): 18304712 kB
Unevictable:           0 kB
Mlocked:               0 kB
SwapTotal:       4194300 kB
SwapFree:           4120 kB
Dirty:               984 kB
Writeback:          1500 kB
AnonPages:      486563796 kB
Mapped:           255324 kB
Shmem:             95568 kB
Slab:            2766276 kB
SReclaimable:    1715736 kB
SUnreclaim:      1050540 kB
KernelStack:       91088 kB
PageTables:      9210488 kB
NFS_Unstable:          0 kB
Bounce:                0 kB
WritebackTmp:          0 kB
CommitLimit:    795922480 kB
Committed_AS:   10230917624 kB
VmallocTotal:   34359738367 kB
VmallocUsed:     4002000 kB
VmallocChunk:   33147826172 kB
Percpu:           184320 kB
HardwareCorrupted:     0 kB
AnonHugePages:  33894400 kB
CmaTotal:              0 kB
CmaFree:               0 kB
HugePages_Total:       0
HugePages_Free:        0
HugePages_Rsvd:        0
HugePages_Surp:        0
Hugepagesize:       2048 kB
DirectMap4k:      619520 kB
DirectMap2M:    81657856 kB
DirectMap1G:    1528823808 kB
