MemTotal:       1583456364 kB
MemFree:        978420600 kB
MemAvailable:   1097301400 kB
Buffers:              20 kB
Cached:         119083688 kB
SwapCached:        14252 kB
Active:         532413872 kB
Inactive:       43967724 kB
Active(anon):   431809764 kB
Inactive(anon): 25569944 kB
Active(file):   100604108 kB
Inactive(file): 18397780 kB
Unevictable:           0 kB
Mlocked:               0 kB
SwapTotal:       4194300 kB
SwapFree:           4120 kB
Dirty:             10012 kB
Writeback:          3892 kB
AnonPages:      457883848 kB
Mapped:           265624 kB
Shmem:             95560 kB
Slab:            2769584 kB
SReclaimable:    1722496 kB
SUnreclaim:      1047088 kB
KernelStack:       95664 kB
PageTables:      8440460 kB
NFS_Unstable:          0 kB
Bounce:                0 kB
WritebackTmp:          0 kB
CommitLimit:    795922480 kB
Committed_AS:   9834756592 kB
VmallocTotal:   34359738367 kB
VmallocUsed:     4002000 kB
VmallocChunk:   33147826172 kB
Percpu:           184320 kB
HardwareCorrupted:     0 kB
AnonHugePages:  34152448 kB
CmaTotal:              0 kB
CmaFree:               0 kB
HugePages_Total:       0
HugePages_Free:        0
HugePages_Rsvd:        0
HugePages_Surp:        0
Hugepagesize:       2048 kB
DirectMap4k:      619520 kB
DirectMap2M:    81657856 kB
DirectMap1G:    1528823808 kB
