MemTotal:       1583456364 kB
MemFree:        963681192 kB
MemAvailable:   1082577196 kB
Buffers:              20 kB
Cached:         119099792 kB
SwapCached:        14252 kB
Active:         546507628 kB
Inactive:       43964000 kB
Active(anon):   445886268 kB
Inactive(anon): 25569940 kB
Active(file):   100621360 kB
Inactive(file): 18394060 kB
Unevictable:           0 kB
Mlocked:               0 kB
SwapTotal:       4194300 kB
SwapFree:           4120 kB
Dirty:             15536 kB
Writeback:          3248 kB
AnonPages:      472455576 kB
Mapped:           247268 kB
Shmem:             95560 kB
Slab:            2769296 kB
SReclaimable:    1723160 kB
SUnreclaim:      1046136 kB
KernelStack:       95536 kB
PageTables:      9088272 kB
NFS_Unstable:          0 kB
Bounce:                0 kB
WritebackTmp:          0 kB
CommitLimit:    795922480 kB
Committed_AS:   10169849620 kB
VmallocTotal:   34359738367 kB
VmallocUsed:     4002000 kB
VmallocChunk:   33147826172 kB
Percpu:           184320 kB
HardwareCorrupted:     0 kB
AnonHugePages:  34400256 kB
CmaTotal:              0 kB
CmaFree:               0 kB
HugePages_Total:       0
HugePages_Free:        0
HugePages_Rsvd:        0
HugePages_Surp:        0
Hugepagesize:       2048 kB
DirectMap4k:      619520 kB
DirectMap2M:    81657856 kB
DirectMap1G:    1528823808 kB
