MemTotal:       1583456364 kB
MemFree:        892620936 kB
MemAvailable:   1011187312 kB
Buffers:              20 kB
Cached:         118781248 kB
SwapCached:        14252 kB
Active:         615846556 kB
Inactive:       43893552 kB
Active(anon):   515471236 kB
Inactive(anon): 25569920 kB
Active(file):   100375320 kB
Inactive(file): 18323632 kB
Unevictable:           0 kB
Mlocked:               0 kB
SwapTotal:       4194300 kB
SwapFree:           4120 kB
Dirty:             13120 kB
Writeback:             0 kB
AnonPages:      541832348 kB
Mapped:           223812 kB
Shmem:             95564 kB
Slab:            2761404 kB
SReclaimable:    1712784 kB
SUnreclaim:      1048620 kB
KernelStack:       92672 kB
PageTables:     10883780 kB
NFS_Unstable:          0 kB
Bounce:                0 kB
WritebackTmp:          0 kB
CommitLimit:    795922480 kB
Committed_AS:   11085238740 kB
VmallocTotal:   34359738367 kB
VmallocUsed:     4002000 kB
VmallocChunk:   33147826172 kB
Percpu:           184320 kB
HardwareCorrupted:     0 kB
AnonHugePages:  34179072 kB
CmaTotal:              0 kB
CmaFree:               0 kB
HugePages_Total:       0
HugePages_Free:        0
HugePages_Rsvd:        0
HugePages_Surp:        0
Hugepagesize:       2048 kB
DirectMap4k:      619520 kB
DirectMap2M:    81657856 kB
DirectMap1G:    1528823808 kB
