MemTotal:       1583456364 kB
MemFree:        895766848 kB
MemAvailable:   1014630540 kB
Buffers:              20 kB
Cached:         119067692 kB
SwapCached:        14252 kB
Active:         612874292 kB
Inactive:       43966556 kB
Active(anon):   512285792 kB
Inactive(anon): 25569940 kB
Active(file):   100588500 kB
Inactive(file): 18396616 kB
Unevictable:           0 kB
Mlocked:               0 kB
SwapTotal:       4194300 kB
SwapFree:           4120 kB
Dirty:             10704 kB
Writeback:          4192 kB
AnonPages:      537783972 kB
Mapped:           252348 kB
Shmem:             95560 kB
Slab:            2768900 kB
SReclaimable:    1722160 kB
SUnreclaim:      1046740 kB
KernelStack:       83792 kB
PageTables:     10633212 kB
NFS_Unstable:          0 kB
Bounce:                0 kB
WritebackTmp:          0 kB
CommitLimit:    795922480 kB
Committed_AS:   10955173064 kB
VmallocTotal:   34359738367 kB
VmallocUsed:     4002000 kB
VmallocChunk:   33147826172 kB
Percpu:           184320 kB
HardwareCorrupted:     0 kB
AnonHugePages:  33435648 kB
CmaTotal:              0 kB
CmaFree:               0 kB
HugePages_Total:       0
HugePages_Free:        0
HugePages_Rsvd:        0
HugePages_Surp:        0
Hugepagesize:       2048 kB
DirectMap4k:      619520 kB
DirectMap2M:    81657856 kB
DirectMap1G:    1528823808 kB
