MemTotal:       1583456364 kB
MemFree:        924372224 kB
MemAvailable:   1042949688 kB
Buffers:              20 kB
Cached:         118795672 kB
SwapCached:        14252 kB
Active:         585124684 kB
Inactive:       43878604 kB
Active(anon):   484727068 kB
Inactive(anon): 25569920 kB
Active(file):   100397616 kB
Inactive(file): 18308684 kB
Unevictable:           0 kB
Mlocked:               0 kB
SwapTotal:       4194300 kB
SwapFree:           4120 kB
Dirty:              8040 kB
Writeback:             0 kB
AnonPages:      511169356 kB
Mapped:           252312 kB
Shmem:             95564 kB
Slab:            2768336 kB
SReclaimable:    1715368 kB
SUnreclaim:      1052968 kB
KernelStack:       98144 kB
PageTables:      9851828 kB
NFS_Unstable:          0 kB
Bounce:                0 kB
WritebackTmp:          0 kB
CommitLimit:    795922480 kB
Committed_AS:   10555935056 kB
VmallocTotal:   34359738367 kB
VmallocUsed:     4002000 kB
VmallocChunk:   33147826172 kB
Percpu:           184320 kB
HardwareCorrupted:     0 kB
AnonHugePages:  34414592 kB
CmaTotal:              0 kB
CmaFree:               0 kB
HugePages_Total:       0
HugePages_Free:        0
HugePages_Rsvd:        0
HugePages_Surp:        0
Hugepagesize:       2048 kB
DirectMap4k:      619520 kB
DirectMap2M:    81657856 kB
DirectMap1G:    1528823808 kB
