MemTotal:       1583456364 kB
MemFree:        902821552 kB
MemAvailable:   1021390504 kB
Buffers:              20 kB
Cached:         118780468 kB
SwapCached:        14252 kB
Active:         606046916 kB
Inactive:       43881476 kB
Active(anon):   505658844 kB
Inactive(anon): 25569924 kB
Active(file):   100388072 kB
Inactive(file): 18311552 kB
Unevictable:           0 kB
Mlocked:               0 kB
SwapTotal:       4194300 kB
SwapFree:           4120 kB
Dirty:             10320 kB
Writeback:             0 kB
AnonPages:      532177156 kB
Mapped:           261140 kB
Shmem:             95564 kB
Slab:            2761372 kB
SReclaimable:    1712912 kB
SUnreclaim:      1048460 kB
KernelStack:       97008 kB
PageTables:     10492876 kB
NFS_Unstable:          0 kB
Bounce:                0 kB
WritebackTmp:          0 kB
CommitLimit:    795922480 kB
Committed_AS:   10882148168 kB
VmallocTotal:   34359738367 kB
VmallocUsed:     4002000 kB
VmallocChunk:   33147826172 kB
Percpu:           184320 kB
HardwareCorrupted:     0 kB
AnonHugePages:  34328576 kB
CmaTotal:              0 kB
CmaFree:               0 kB
HugePages_Total:       0
HugePages_Free:        0
HugePages_Rsvd:        0
HugePages_Surp:        0
Hugepagesize:       2048 kB
DirectMap4k:      619520 kB
DirectMap2M:    81657856 kB
DirectMap1G:    1528823808 kB
