MemTotal:       1583456364 kB
MemFree:        935233580 kB
MemAvailable:   1053850644 kB
Buffers:              20 kB
Cached:         118834616 kB
SwapCached:        14252 kB
Active:         574555376 kB
Inactive:       43878680 kB
Active(anon):   474121276 kB
Inactive(anon): 25569940 kB
Active(file):   100434100 kB
Inactive(file): 18308740 kB
Unevictable:           0 kB
Mlocked:               0 kB
SwapTotal:       4194300 kB
SwapFree:           4120 kB
Dirty:              8964 kB
Writeback:          4432 kB
AnonPages:      499560248 kB
Mapped:           262288 kB
Shmem:             95608 kB
Slab:            2762664 kB
SReclaimable:    1717808 kB
SUnreclaim:      1044856 kB
KernelStack:       84128 kB
PageTables:      9568088 kB
NFS_Unstable:          0 kB
Bounce:                0 kB
WritebackTmp:          0 kB
CommitLimit:    795922480 kB
Committed_AS:   10409389072 kB
VmallocTotal:   34359738367 kB
VmallocUsed:     4002000 kB
VmallocChunk:   33147826172 kB
Percpu:           184320 kB
HardwareCorrupted:     0 kB
AnonHugePages:  33515520 kB
CmaTotal:              0 kB
CmaFree:               0 kB
HugePages_Total:       0
HugePages_Free:        0
HugePages_Rsvd:        0
HugePages_Surp:        0
Hugepagesize:       2048 kB
DirectMap4k:      619520 kB
DirectMap2M:    81657856 kB
DirectMap1G:    1528823808 kB
