MemTotal:       1583456364 kB
MemFree:        962399808 kB
MemAvailable:   1080994044 kB
Buffers:              20 kB
Cached:         118814200 kB
SwapCached:        14252 kB
Active:         548071348 kB
Inactive:       43873968 kB
Active(anon):   447653404 kB
Inactive(anon): 25569932 kB
Active(file):   100417944 kB
Inactive(file): 18304036 kB
Unevictable:           0 kB
Mlocked:               0 kB
SwapTotal:       4194300 kB
SwapFree:           4120 kB
Dirty:              2340 kB
Writeback:          1492 kB
AnonPages:      473771580 kB
Mapped:           257008 kB
Shmem:             95568 kB
Slab:            2766096 kB
SReclaimable:    1715840 kB
SUnreclaim:      1050256 kB
KernelStack:       96928 kB
PageTables:      8869204 kB
NFS_Unstable:          0 kB
Bounce:                0 kB
WritebackTmp:          0 kB
CommitLimit:    795922480 kB
Committed_AS:   10056971188 kB
VmallocTotal:   34359738367 kB
VmallocUsed:     4002000 kB
VmallocChunk:   33147826172 kB
Percpu:           184320 kB
HardwareCorrupted:     0 kB
AnonHugePages:  34007040 kB
CmaTotal:              0 kB
CmaFree:               0 kB
HugePages_Total:       0
HugePages_Free:        0
HugePages_Rsvd:        0
HugePages_Surp:        0
Hugepagesize:       2048 kB
DirectMap4k:      619520 kB
DirectMap2M:    81657856 kB
DirectMap1G:    1528823808 kB
