MemTotal:       1583456364 kB
MemFree:        942793600 kB
MemAvailable:   1061399296 kB
Buffers:              20 kB
Cached:         118823244 kB
SwapCached:        14252 kB
Active:         567173860 kB
Inactive:       43873772 kB
Active(anon):   466743524 kB
Inactive(anon): 25569928 kB
Active(file):   100430336 kB
Inactive(file): 18303844 kB
Unevictable:           0 kB
Mlocked:               0 kB
SwapTotal:       4194300 kB
SwapFree:           4120 kB
Dirty:              4468 kB
Writeback:           576 kB
AnonPages:      492407304 kB
Mapped:           243256 kB
Shmem:             95560 kB
Slab:            2763500 kB
SReclaimable:    1716960 kB
SUnreclaim:      1046540 kB
KernelStack:       73024 kB
PageTables:      9381884 kB
NFS_Unstable:          0 kB
Bounce:                0 kB
WritebackTmp:          0 kB
CommitLimit:    795922480 kB
Committed_AS:   10313079872 kB
VmallocTotal:   34359738367 kB
VmallocUsed:     4002000 kB
VmallocChunk:   33147826172 kB
Percpu:           184320 kB
HardwareCorrupted:     0 kB
AnonHugePages:  33566720 kB
CmaTotal:              0 kB
CmaFree:               0 kB
HugePages_Total:       0
HugePages_Free:        0
HugePages_Rsvd:        0
HugePages_Surp:        0
Hugepagesize:       2048 kB
DirectMap4k:      619520 kB
DirectMap2M:    81657856 kB
DirectMap1G:    1528823808 kB
