MemTotal:       1583456364 kB
MemFree:        915451992 kB
MemAvailable:   1034265852 kB
Buffers:              20 kB
Cached:         119025592 kB
SwapCached:        14252 kB
Active:         593800304 kB
Inactive:       43967468 kB
Active(anon):   493257328 kB
Inactive(anon): 25569948 kB
Active(file):   100542976 kB
Inactive(file): 18397520 kB
Unevictable:           0 kB
Mlocked:               0 kB
SwapTotal:       4194300 kB
SwapFree:           4120 kB
Dirty:             13768 kB
Writeback:          4020 kB
AnonPages:      519166120 kB
Mapped:           264368 kB
Shmem:             95560 kB
Slab:            2770644 kB
SReclaimable:    1719128 kB
SUnreclaim:      1051516 kB
KernelStack:      107056 kB
PageTables:     10062068 kB
NFS_Unstable:          0 kB
Bounce:                0 kB
WritebackTmp:          0 kB
CommitLimit:    795922480 kB
Committed_AS:   10664410448 kB
VmallocTotal:   34359738367 kB
VmallocUsed:     4002000 kB
VmallocChunk:   33147826172 kB
Percpu:           184320 kB
HardwareCorrupted:     0 kB
AnonHugePages:  33892352 kB
CmaTotal:              0 kB
CmaFree:               0 kB
HugePages_Total:       0
HugePages_Free:        0
HugePages_Rsvd:        0
HugePages_Surp:        0
Hugepagesize:       2048 kB
DirectMap4k:      619520 kB
DirectMap2M:    81657856 kB
DirectMap1G:    1528823808 kB
