MemTotal:       1583456364 kB
MemFree:        905729448 kB
MemAvailable:   1024302692 kB
Buffers:              20 kB
Cached:         118786908 kB
SwapCached:        14252 kB
Active:         603113712 kB
Inactive:       43882508 kB
Active(anon):   502722076 kB
Inactive(anon): 25569924 kB
Active(file):   100391636 kB
Inactive(file): 18312584 kB
Unevictable:           0 kB
Mlocked:               0 kB
SwapTotal:       4194300 kB
SwapFree:           4120 kB
Dirty:             10304 kB
Writeback:             0 kB
AnonPages:      529021708 kB
Mapped:           264072 kB
Shmem:             95564 kB
Slab:            2761836 kB
SReclaimable:    1713344 kB
SUnreclaim:      1048492 kB
KernelStack:       96576 kB
PageTables:     10492012 kB
NFS_Unstable:          0 kB
Bounce:                0 kB
WritebackTmp:          0 kB
CommitLimit:    795922480 kB
Committed_AS:   10885364388 kB
VmallocTotal:   34359738367 kB
VmallocUsed:     4002000 kB
VmallocChunk:   33147826172 kB
Percpu:           184320 kB
HardwareCorrupted:     0 kB
AnonHugePages:  34199552 kB
CmaTotal:              0 kB
CmaFree:               0 kB
HugePages_Total:       0
HugePages_Free:        0
HugePages_Rsvd:        0
HugePages_Surp:        0
Hugepagesize:       2048 kB
DirectMap4k:      619520 kB
DirectMap2M:    81657856 kB
DirectMap1G:    1528823808 kB
