MemTotal:       1583456364 kB
MemFree:        959601884 kB
MemAvailable:   1078188172 kB
Buffers:              20 kB
Cached:         118807272 kB
SwapCached:        14252 kB
Active:         550582120 kB
Inactive:       43872796 kB
Active(anon):   450172868 kB
Inactive(anon): 25569928 kB
Active(file):   100409252 kB
Inactive(file): 18302868 kB
Unevictable:           0 kB
Mlocked:               0 kB
SwapTotal:       4194300 kB
SwapFree:           4120 kB
Dirty:              2336 kB
Writeback:           152 kB
AnonPages:      476208036 kB
Mapped:           259168 kB
Shmem:             95568 kB
Slab:            2765596 kB
SReclaimable:    1715736 kB
SUnreclaim:      1049860 kB
KernelStack:       91360 kB
PageTables:      9163816 kB
NFS_Unstable:          0 kB
Bounce:                0 kB
WritebackTmp:          0 kB
CommitLimit:    795922480 kB
Committed_AS:   10201785540 kB
VmallocTotal:   34359738367 kB
VmallocUsed:     4002000 kB
VmallocChunk:   33147826172 kB
Percpu:           184320 kB
HardwareCorrupted:     0 kB
AnonHugePages:  34011136 kB
CmaTotal:              0 kB
CmaFree:               0 kB
HugePages_Total:       0
HugePages_Free:        0
HugePages_Rsvd:        0
HugePages_Surp:        0
Hugepagesize:       2048 kB
DirectMap4k:      619520 kB
DirectMap2M:    81657856 kB
DirectMap1G:    1528823808 kB
