MemTotal:       1583456364 kB
MemFree:        925436188 kB
MemAvailable:   1044246332 kB
Buffers:              20 kB
Cached:         119017740 kB
SwapCached:        14252 kB
Active:         584058880 kB
Inactive:       43963716 kB
Active(anon):   483518008 kB
Inactive(anon): 25569948 kB
Active(file):   100540872 kB
Inactive(file): 18393768 kB
Unevictable:           0 kB
Mlocked:               0 kB
SwapTotal:       4194300 kB
SwapFree:           4120 kB
Dirty:             11184 kB
Writeback:          2932 kB
AnonPages:      509428088 kB
Mapped:           252148 kB
Shmem:             95560 kB
Slab:            2768540 kB
SReclaimable:    1719088 kB
SUnreclaim:      1049452 kB
KernelStack:      102032 kB
PageTables:      9814452 kB
NFS_Unstable:          0 kB
Bounce:                0 kB
WritebackTmp:          0 kB
CommitLimit:    795922480 kB
Committed_AS:   10539171276 kB
VmallocTotal:   34359738367 kB
VmallocUsed:     4002000 kB
VmallocChunk:   33147826172 kB
Percpu:           184320 kB
HardwareCorrupted:     0 kB
AnonHugePages:  33728512 kB
CmaTotal:              0 kB
CmaFree:               0 kB
HugePages_Total:       0
HugePages_Free:        0
HugePages_Rsvd:        0
HugePages_Surp:        0
Hugepagesize:       2048 kB
DirectMap4k:      619520 kB
DirectMap2M:    81657856 kB
DirectMap1G:    1528823808 kB
