MemTotal:       1583456364 kB
MemFree:        934122108 kB
MemAvailable:   1052709444 kB
Buffers:              20 kB
Cached:         118798964 kB
SwapCached:        14252 kB
Active:         575494524 kB
Inactive:       43884168 kB
Active(anon):   475093576 kB
Inactive(anon): 25569920 kB
Active(file):   100400948 kB
Inactive(file): 18314248 kB
Unevictable:           0 kB
Mlocked:               0 kB
SwapTotal:       4194300 kB
SwapFree:           4120 kB
Dirty:             11128 kB
Writeback:             0 kB
AnonPages:      501477912 kB
Mapped:           257308 kB
Shmem:             95564 kB
Slab:            2769184 kB
SReclaimable:    1715336 kB
SUnreclaim:      1053848 kB
KernelStack:       99968 kB
PageTables:      9657964 kB
NFS_Unstable:          0 kB
Bounce:                0 kB
WritebackTmp:          0 kB
CommitLimit:    795922480 kB
Committed_AS:   10461718356 kB
VmallocTotal:   34359738367 kB
VmallocUsed:     4002000 kB
VmallocChunk:   33147826172 kB
Percpu:           184320 kB
HardwareCorrupted:     0 kB
AnonHugePages:  34250752 kB
CmaTotal:              0 kB
CmaFree:               0 kB
HugePages_Total:       0
HugePages_Free:        0
HugePages_Rsvd:        0
HugePages_Surp:        0
Hugepagesize:       2048 kB
DirectMap4k:      619520 kB
DirectMap2M:    81657856 kB
DirectMap1G:    1528823808 kB
