MemTotal:       1583456364 kB
MemFree:        921882232 kB
MemAvailable:   1040494688 kB
Buffers:              20 kB
Cached:         118828852 kB
SwapCached:        14252 kB
Active:         587564296 kB
Inactive:       43876712 kB
Active(anon):   487132056 kB
Inactive(anon): 25569928 kB
Active(file):   100432240 kB
Inactive(file): 18306784 kB
Unevictable:           0 kB
Mlocked:               0 kB
SwapTotal:       4194300 kB
SwapFree:           4120 kB
Dirty:              4620 kB
Writeback:          7424 kB
AnonPages:      512706224 kB
Mapped:           258260 kB
Shmem:             95560 kB
Slab:            2763440 kB
SReclaimable:    1717016 kB
SUnreclaim:      1046424 kB
KernelStack:       78736 kB
PageTables:      9911568 kB
NFS_Unstable:          0 kB
Bounce:                0 kB
WritebackTmp:          0 kB
CommitLimit:    795922480 kB
Committed_AS:   10586451160 kB
VmallocTotal:   34359738367 kB
VmallocUsed:     4002000 kB
VmallocChunk:   33147826172 kB
Percpu:           184320 kB
HardwareCorrupted:     0 kB
AnonHugePages:  33589248 kB
CmaTotal:              0 kB
CmaFree:               0 kB
HugePages_Total:       0
HugePages_Free:        0
HugePages_Rsvd:        0
HugePages_Surp:        0
Hugepagesize:       2048 kB
DirectMap4k:      619520 kB
DirectMap2M:    81657856 kB
DirectMap1G:    1528823808 kB
