MemTotal:       1583456364 kB
MemFree:        970647280 kB
MemAvailable:   1089529464 kB
Buffers:              20 kB
Cached:         119090764 kB
SwapCached:        14252 kB
Active:         539972112 kB
Inactive:       43967632 kB
Active(anon):   439365884 kB
Inactive(anon): 25569944 kB
Active(file):   100606228 kB
Inactive(file): 18397688 kB
Unevictable:           0 kB
Mlocked:               0 kB
SwapTotal:       4194300 kB
SwapFree:           4120 kB
Dirty:              9964 kB
Writeback:          3916 kB
AnonPages:      465533460 kB
Mapped:           263692 kB
Shmem:             95560 kB
Slab:            2769228 kB
SReclaimable:    1722472 kB
SUnreclaim:      1046756 kB
KernelStack:       97120 kB
PageTables:      8644704 kB
NFS_Unstable:          0 kB
Bounce:                0 kB
WritebackTmp:          0 kB
CommitLimit:    795922480 kB
Committed_AS:   9939025028 kB
VmallocTotal:   34359738367 kB
VmallocUsed:     4002000 kB
VmallocChunk:   33147826172 kB
Percpu:           184320 kB
HardwareCorrupted:     0 kB
AnonHugePages:  34138112 kB
CmaTotal:              0 kB
CmaFree:               0 kB
HugePages_Total:       0
HugePages_Free:        0
HugePages_Rsvd:        0
HugePages_Surp:        0
Hugepagesize:       2048 kB
DirectMap4k:      619520 kB
DirectMap2M:    81657856 kB
DirectMap1G:    1528823808 kB
