MemTotal:       1583456364 kB
MemFree:        977628620 kB
MemAvailable:   1096510536 kB
Buffers:              20 kB
Cached:         119086056 kB
SwapCached:        14252 kB
Active:         533187484 kB
Inactive:       43968368 kB
Active(anon):   432582904 kB
Inactive(anon): 25569944 kB
Active(file):   100604580 kB
Inactive(file): 18398424 kB
Unevictable:           0 kB
Mlocked:               0 kB
SwapTotal:       4194300 kB
SwapFree:           4120 kB
Dirty:             10116 kB
Writeback:          3392 kB
AnonPages:      458705516 kB
Mapped:           263080 kB
Shmem:             95560 kB
Slab:            2769480 kB
SReclaimable:    1722496 kB
SUnreclaim:      1046984 kB
KernelStack:       95488 kB
PageTables:      8464364 kB
NFS_Unstable:          0 kB
Bounce:                0 kB
WritebackTmp:          0 kB
CommitLimit:    795922480 kB
Committed_AS:   9846498496 kB
VmallocTotal:   34359738367 kB
VmallocUsed:     4002000 kB
VmallocChunk:   33147826172 kB
Percpu:           184320 kB
HardwareCorrupted:     0 kB
AnonHugePages:  34134016 kB
CmaTotal:              0 kB
CmaFree:               0 kB
HugePages_Total:       0
HugePages_Free:        0
HugePages_Rsvd:        0
HugePages_Surp:        0
Hugepagesize:       2048 kB
DirectMap4k:      619520 kB
DirectMap2M:    81657856 kB
DirectMap1G:    1528823808 kB
