MemTotal:       1583456364 kB
MemFree:        890123856 kB
MemAvailable:   1008956212 kB
Buffers:              20 kB
Cached:         119050088 kB
SwapCached:        14252 kB
Active:         618410096 kB
Inactive:       43956092 kB
Active(anon):   517840564 kB
Inactive(anon): 25569940 kB
Active(file):   100569532 kB
Inactive(file): 18386152 kB
Unevictable:           0 kB
Mlocked:               0 kB
SwapTotal:       4194300 kB
SwapFree:           4120 kB
Dirty:              1124 kB
Writeback:          2012 kB
AnonPages:      543693856 kB
Mapped:           245208 kB
Shmem:             95560 kB
Slab:            2768600 kB
SReclaimable:    1720256 kB
SUnreclaim:      1048344 kB
KernelStack:       79968 kB
PageTables:     10721136 kB
NFS_Unstable:          0 kB
Bounce:                0 kB
WritebackTmp:          0 kB
CommitLimit:    795922480 kB
Committed_AS:   11003014980 kB
VmallocTotal:   34359738367 kB
VmallocUsed:     4002000 kB
VmallocChunk:   33147826172 kB
Percpu:           184320 kB
HardwareCorrupted:     0 kB
AnonHugePages:  33685504 kB
CmaTotal:              0 kB
CmaFree:               0 kB
HugePages_Total:       0
HugePages_Free:        0
HugePages_Rsvd:        0
HugePages_Surp:        0
Hugepagesize:       2048 kB
DirectMap4k:      619520 kB
DirectMap2M:    81657856 kB
DirectMap1G:    1528823808 kB
