MemTotal:       1583456364 kB
MemFree:        884209320 kB
MemAvailable:   1003053368 kB
Buffers:              20 kB
Cached:         119054840 kB
SwapCached:        14252 kB
Active:         624214520 kB
Inactive:       43959904 kB
Active(anon):   523638240 kB
Inactive(anon): 25569936 kB
Active(file):   100576280 kB
Inactive(file): 18389968 kB
Unevictable:           0 kB
Mlocked:               0 kB
SwapTotal:       4194300 kB
SwapFree:           4120 kB
Dirty:             12540 kB
Writeback:          3668 kB
AnonPages:      549224528 kB
Mapped:           254484 kB
Shmem:             95560 kB
Slab:            2768944 kB
SReclaimable:    1721384 kB
SUnreclaim:      1047560 kB
KernelStack:       78512 kB
PageTables:     10869180 kB
NFS_Unstable:          0 kB
Bounce:                0 kB
WritebackTmp:          0 kB
CommitLimit:    795922480 kB
Committed_AS:   11075733476 kB
VmallocTotal:   34359738367 kB
VmallocUsed:     4002000 kB
VmallocChunk:   33147826172 kB
Percpu:           184320 kB
HardwareCorrupted:     0 kB
AnonHugePages:  33460224 kB
CmaTotal:              0 kB
CmaFree:               0 kB
HugePages_Total:       0
HugePages_Free:        0
HugePages_Rsvd:        0
HugePages_Surp:        0
Hugepagesize:       2048 kB
DirectMap4k:      619520 kB
DirectMap2M:    81657856 kB
DirectMap1G:    1528823808 kB
