MemTotal:       1583456364 kB
MemFree:        928481296 kB
MemAvailable:   1047056652 kB
Buffers:              20 kB
Cached:         118788492 kB
SwapCached:        14252 kB
Active:         581110568 kB
Inactive:       43877588 kB
Active(anon):   480714816 kB
Inactive(anon): 25569920 kB
Active(file):   100395752 kB
Inactive(file): 18307668 kB
Unevictable:           0 kB
Mlocked:               0 kB
SwapTotal:       4194300 kB
SwapFree:           4120 kB
Dirty:             11352 kB
Writeback:             0 kB
AnonPages:      506972876 kB
Mapped:           254816 kB
Shmem:             95564 kB
Slab:            2768988 kB
SReclaimable:    1715520 kB
SUnreclaim:      1053468 kB
KernelStack:       98448 kB
PageTables:      9748564 kB
NFS_Unstable:          0 kB
Bounce:                0 kB
WritebackTmp:          0 kB
CommitLimit:    795922480 kB
Committed_AS:   10502364208 kB
VmallocTotal:   34359738367 kB
VmallocUsed:     4002000 kB
VmallocChunk:   33147826172 kB
Percpu:           184320 kB
HardwareCorrupted:     0 kB
AnonHugePages:  34187264 kB
CmaTotal:              0 kB
CmaFree:               0 kB
HugePages_Total:       0
HugePages_Free:        0
HugePages_Rsvd:        0
HugePages_Surp:        0
Hugepagesize:       2048 kB
DirectMap4k:      619520 kB
DirectMap2M:    81657856 kB
DirectMap1G:    1528823808 kB
