MemTotal:       1583456364 kB
MemFree:        944620180 kB
MemAvailable:   1063221216 kB
Buffers:              20 kB
Cached:         118816440 kB
SwapCached:        14252 kB
Active:         565308340 kB
Inactive:       43870784 kB
Active(anon):   464881584 kB
Inactive(anon): 25569928 kB
Active(file):   100426756 kB
Inactive(file): 18300856 kB
Unevictable:           0 kB
Mlocked:               0 kB
SwapTotal:       4194300 kB
SwapFree:           4120 kB
Dirty:              5436 kB
Writeback:             0 kB
AnonPages:      490590852 kB
Mapped:           220776 kB
Shmem:             95560 kB
Slab:            2763340 kB
SReclaimable:    1717008 kB
SUnreclaim:      1046332 kB
KernelStack:       73936 kB
PageTables:      9416376 kB
NFS_Unstable:          0 kB
Bounce:                0 kB
WritebackTmp:          0 kB
CommitLimit:    795922480 kB
Committed_AS:   10332083496 kB
VmallocTotal:   34359738367 kB
VmallocUsed:     4002000 kB
VmallocChunk:   33147826172 kB
Percpu:           184320 kB
HardwareCorrupted:     0 kB
AnonHugePages:  33536000 kB
CmaTotal:              0 kB
CmaFree:               0 kB
HugePages_Total:       0
HugePages_Free:        0
HugePages_Rsvd:        0
HugePages_Surp:        0
Hugepagesize:       2048 kB
DirectMap4k:      619520 kB
DirectMap2M:    81657856 kB
DirectMap1G:    1528823808 kB
