MemTotal:       1583456364 kB
MemFree:        889961876 kB
MemAvailable:   1008806060 kB
Buffers:              20 kB
Cached:         119056984 kB
SwapCached:        14252 kB
Active:         618604908 kB
Inactive:       43961364 kB
Active(anon):   518029428 kB
Inactive(anon): 25569936 kB
Active(file):   100575480 kB
Inactive(file): 18391428 kB
Unevictable:           0 kB
Mlocked:               0 kB
SwapTotal:       4194300 kB
SwapFree:           4120 kB
Dirty:             11996 kB
Writeback:          4428 kB
AnonPages:      543708424 kB
Mapped:           253080 kB
Shmem:             95560 kB
Slab:            2769264 kB
SReclaimable:    1721480 kB
SUnreclaim:      1047784 kB
KernelStack:       78304 kB
PageTables:     10718948 kB
NFS_Unstable:          0 kB
Bounce:                0 kB
WritebackTmp:          0 kB
CommitLimit:    795922480 kB
Committed_AS:   11003765916 kB
VmallocTotal:   34359738367 kB
VmallocUsed:     4002000 kB
VmallocChunk:   33147826172 kB
Percpu:           184320 kB
HardwareCorrupted:     0 kB
AnonHugePages:  33476608 kB
CmaTotal:              0 kB
CmaFree:               0 kB
HugePages_Total:       0
HugePages_Free:        0
HugePages_Rsvd:        0
HugePages_Surp:        0
Hugepagesize:       2048 kB
DirectMap4k:      619520 kB
DirectMap2M:    81657856 kB
DirectMap1G:    1528823808 kB
